cat: nonexistent: No such file or directory
